// Jest Snapshot v1, https://goo.gl/fbAQLP

exports[`<UploadTrack /> should render and match the snapshot 1`] = `
<body>
  <div>
    <div
      class="UploadTrack__StyledCard-sc-7ttrjy-0 eNWSuX"
      data-testid="upload-track"
    >
      <div
        class="ant-steps ant-steps-horizontal ant-steps-label-horizontal"
      >
        <div
          class="ant-steps-item ant-steps-item-process ant-steps-item-active"
        >
          <div
            class="ant-steps-item-container"
          >
            <div
              class="ant-steps-item-tail"
            />
            <div
              class="ant-steps-item-icon"
            >
              <span
                class="ant-steps-icon"
              >
                1
              </span>
            </div>
            <div
              class="ant-steps-item-content"
            >
              <div
                class="ant-steps-item-title"
              />
            </div>
          </div>
        </div>
        <div
          class="ant-steps-item ant-steps-item-wait"
        >
          <div
            class="ant-steps-item-container"
          >
            <div
              class="ant-steps-item-tail"
            />
            <div
              class="ant-steps-item-icon"
            >
              <span
                class="ant-steps-icon"
              >
                2
              </span>
            </div>
            <div
              class="ant-steps-item-content"
            >
              <div
                class="ant-steps-item-title"
              />
            </div>
          </div>
        </div>
        <div
          class="ant-steps-item ant-steps-item-wait"
        >
          <div
            class="ant-steps-item-container"
          >
            <div
              class="ant-steps-item-tail"
            />
            <div
              class="ant-steps-item-icon"
            >
              <span
                class="ant-steps-icon"
              >
                3
              </span>
            </div>
            <div
              class="ant-steps-item-content"
            >
              <div
                class="ant-steps-item-title"
              />
            </div>
          </div>
        </div>
      </div>
      <div
        class="steps-content"
      >
        <form
          autocomplete="on"
          class="ant-form ant-form-horizontal"
          data-testid="form"
          id="basic"
        >
          <div
            class="ant-row ant-form-item UploadTrack__StyledFormItem-sc-7ttrjy-2 xcKPX"
          >
            <div
              class="ant-col ant-col-8 ant-form-item-label"
            >
              <label
                class="ant-form-item-required"
                for="basic_trackName"

                title=""
              >
                Please enter Track Name
              </label>
            </div>
            <div
              class="ant-col ant-col-16 ant-form-item-control"
            >
              <div
                class="ant-form-item-control-input"
              >
                <div
                  class="ant-form-item-control-input-content"
                >
                  <input
                    class="ant-input UploadTrack__StyledInput-sc-7ttrjy-1 htJzPi"
                    data-testid="track-input"
                    id="basic_trackName"
                    type="text"
                    value=""
                  />
                </div>
              </div>
            </div>
          </div>
          <div
            class="ant-row ant-form-item UploadTrack__StyledFormItem-sc-7ttrjy-2 xcKPX"
          >
            <div
              class="ant-col ant-col-8 ant-form-item-label"
            >
              <label
                class="ant-form-item-required"
                for="basic_artistName"
                title=""
              >
                Please enter Artist Name

              </label>
            </div>
            <div
              class="ant-col ant-col-16 ant-form-item-control"
            >
              <div
                class="ant-form-item-control-input"
              >
                <div
                  class="ant-form-item-control-input-content"
                >
                  <input
                    class="ant-input UploadTrack__StyledInput-sc-7ttrjy-1 htJzPi"
                    data-testid="artist-name"
                    id="basic_artistName"
                    type="text"
                    value=""
                  />
                </div>
              </div>
            </div>
          </div>
          <div
            class="ant-row ant-form-item UploadTrack__StyledFormItem-sc-7ttrjy-2 xcKPX"
          >
            <div
              class="ant-col ant-col-8 ant-form-item-label"
            >
              <label
                class="ant-form-item-required"
                for="basic_collectionName"

                title=""
              >
                Please enter Collection Name
              </label>
            </div>
            <div
              class="ant-col ant-col-16 ant-form-item-control"
            >
              <div
                class="ant-form-item-control-input"
              >
                <div
                  class="ant-form-item-control-input-content"
                >
                  <input
                    class="ant-input UploadTrack__StyledInput-sc-7ttrjy-1 htJzPi"
                    data-testid="collection-name"
                    id="basic_collectionName"
                    type="text"
                    value=""
                  />
                </div>
              </div>
            </div>
          </div>
          <div
            class="ant-row ant-form-item UploadTrack__StyledFormItem-sc-7ttrjy-2 xcKPX"
          >
            <div
              class="ant-col ant-col-16 ant-col-offset-8 ant-form-item-control"
            >
              <div
                class="ant-form-item-control-input"
              >
                <div
                  class="ant-form-item-control-input-content"
                >
                  <button
                    class="ant-btn ant-btn-primary"
                    data-testid="submit"
                    type="submit"
                  >
                    <span>
                      Next
                    </span>
                  </button>
                </div>
              </div>
            </div>
          </div>
        </form>
      </div>
      <div
        class="steps-action"
      />
    </div>
    <div
      class="UploadTrack__TrackContainer-sc-7ttrjy-3 kDiFcG"
    >
      <div
        class="TrackDetailsComponent__TrackDetailsCard-sc-1q5q059-7 ijfgSK"
        data-testid="track-details-component"
      >
        <p
          class="T__StyledText-gjlic1-0 iVJYgn"
          data-testid="image_unavailable"
        >
          Image Unavailable
        </p>
        <div
          class="TrackDetailsComponent__Details-sc-1q5q059-0 ecyiHy"
        >
          <div
            class="TrackDetailsComponent__TrackTitle-sc-1q5q059-2 aNhbq"
          >
            <p
              class="T__StyledText-gjlic1-0 iVJYgn"
              data-testid="no-track-name"
            >
              No track name available
            </p>
          </div>
          <div
            class="TrackDetailsComponent__ArtistName-sc-1q5q059-3 jtjBVl"
          >
            <p
              class="T__StyledText-gjlic1-0 iVJYgn"
              data-testid="t"
            >
              No artist data available
            </p>
          </div>
          <p
            class="T__StyledText-gjlic1-0 iVJYgn"
            data-testid="artist_data_unavailable"
          >
            No artist data available
          </p>
          <p
            class="T__StyledText-gjlic1-0 iVJYgn"
            data-testid="t"
          >
            No artist data available
          </p>
          <p
            class="T__StyledText-gjlic1-0 iVJYgn"
            data-testid="t"
          >
            No preview available
          </p>
          <p
            class="T__StyledText-gjlic1-0 iVJYgn"
            data-testid="t"
          >
            No artist data available
          </p>
        </div>
      </div>
    </div>
  </div>
</body>
`;
